// Jest Snapshot v1, https://goo.gl/fbAQLP

exports[`Matches a snapshot: Basic SVG 1`] = `
<wrapper>
  <svg
    class="tl-container tl-theme__force-sRGB tl-theme__light"
    data-color-mode="light"
    direction="ltr"
    height="564"
    stroke-linecap="round"
    stroke-linejoin="round"
    style="background-color: rgb(249, 250, 251);"
    viewBox="-32 -32 564 564"
    width="564"
    xmlns="http://www.w3.org/2000/svg"
  >
    <defs>
      <mask
        id="_export_4_rb_"
      >
        <rect
          fill="white"
          height="8"
          width="8"
          x="0"
          y="0"
        />
        <g
          stroke="black"
          stroke-linecap="round"
        >
          <line
            x1="0.6666666666666666"
            x2="2"
            y1="2"
            y2="0.6666666666666666"
          />
          <line
            x1="3.333333333333333"
            x2="4.666666666666666"
            y1="4.666666666666666"
            y2="3.333333333333333"
          />
          <line
            x1="6"
            x2="7.333333333333333"
            y1="7.333333333333333"
            y2="6"
          />
        </g>
      </mask>
      <pattern
        height="8"
        id="_export_4_ra__hash_pattern_light_0"
        patternUnits="userSpaceOnUse"
        width="8"
      >
        <rect
          fill="#fcfffe"
          height="8"
          mask="url(#_export_4_rb_)"
          width="8"
          x="0"
          y="0"
        />
      </pattern>
    </defs>
    <g
      opacity="1"
      transform="matrix(1, 0, 0, 1, 0, 0)"
    >
      <path
        d="M0, 0L100, 0,100, 428,0, 428Z"
        fill="none"
        stroke="#1d1d1d"
        stroke-width="3.5"
      />
      <text
        alignment-baseline="mathematical"
        dominant-baseline="mathematical"
        fill="rgb(249, 250, 251)"
        font-family="'tldraw_draw', sans-serif"
        font-size="22"
        font-style="normal"
        font-weight="normal"
        stroke="rgb(249, 250, 251)"
        stroke-width="2"
      >
        <tspan
          alignment-baseline="mathematical"
          unicode-bidi="plaintext"
          x="16"
          y="-17"
        >
          Hello world
        </tspan>
      </text>
      <text
        alignment-baseline="mathematical"
        dominant-baseline="mathematical"
        fill="#1d1d1d"
        font-family="'tldraw_draw', sans-serif"
        font-size="22"
        font-style="normal"
        font-weight="normal"
      >
        <tspan
          alignment-baseline="mathematical"
          unicode-bidi="plaintext"
          x="16"
          y="-17"
        >
          Hello world
        </tspan>
      </text>
    </g>
    <g
      opacity="1"
      transform="matrix(1, 0, 0, 1, 100, 100)"
    >
      <path
        d="M0, 0L50, 0,50, 50,0, 50Z"
        fill="none"
        stroke="#1d1d1d"
        stroke-width="3.5"
      />
    </g>
    <g
      opacity="1"
      transform="matrix(1, 0, 0, 1, 400, 400)"
    >
      <path
        d="M0, 0L100, 0,100, 100,0, 100Z"
        fill="#494949"
      />
      <path
        d="M0, 0L100, 0,100, 100,0, 100Z"
        fill="url(#_export_4_ra__hash_pattern_light_0)"
      />
      <path
        d="M0, 0L100, 0,100, 100,0, 100Z"
        fill="none"
        stroke="#1d1d1d"
        stroke-width="3.5"
      />
    </g>
  </svg>
</wrapper>
`;

exports[`Returns all shapes when no ids are provided: All shapes 1`] = `
<wrapper>
  <svg
    class="tl-container tl-theme__force-sRGB tl-theme__light"
    data-color-mode="light"
    direction="ltr"
    height="564"
    stroke-linecap="round"
    stroke-linejoin="round"
    style="background-color: rgb(249, 250, 251);"
    viewBox="-32 -32 564 564"
    width="564"
    xmlns="http://www.w3.org/2000/svg"
  >
    <defs>
      <mask
        id="_export_2_r5_"
      >
        <rect
          fill="white"
          height="8"
          width="8"
          x="0"
          y="0"
        />
        <g
          stroke="black"
          stroke-linecap="round"
        >
          <line
            x1="0.6666666666666666"
            x2="2"
            y1="2"
            y2="0.6666666666666666"
          />
          <line
            x1="3.333333333333333"
            x2="4.666666666666666"
            y1="4.666666666666666"
            y2="3.333333333333333"
          />
          <line
            x1="6"
            x2="7.333333333333333"
            y1="7.333333333333333"
            y2="6"
          />
        </g>
      </mask>
      <pattern
        height="8"
        id="_export_2_r4__hash_pattern_light_0"
        patternUnits="userSpaceOnUse"
        width="8"
      >
        <rect
          fill="#fcfffe"
          height="8"
          mask="url(#_export_2_r5_)"
          width="8"
          x="0"
          y="0"
        />
      </pattern>
    </defs>
    <g
      opacity="1"
      transform="matrix(1, 0, 0, 1, 0, 0)"
    >
      <path
        d="M0, 0L100, 0,100, 428,0, 428Z"
        fill="none"
        stroke="#1d1d1d"
        stroke-width="3.5"
      />
      <text
        alignment-baseline="mathematical"
        dominant-baseline="mathematical"
        fill="rgb(249, 250, 251)"
        font-family="'tldraw_draw', sans-serif"
        font-size="22"
        font-style="normal"
        font-weight="normal"
        stroke="rgb(249, 250, 251)"
        stroke-width="2"
      >
        <tspan
          alignment-baseline="mathematical"
          unicode-bidi="plaintext"
          x="16"
          y="-17"
        >
          Hello world
        </tspan>
      </text>
      <text
        alignment-baseline="mathematical"
        dominant-baseline="mathematical"
        fill="#1d1d1d"
        font-family="'tldraw_draw', sans-serif"
        font-size="22"
        font-style="normal"
        font-weight="normal"
      >
        <tspan
          alignment-baseline="mathematical"
          unicode-bidi="plaintext"
          x="16"
          y="-17"
        >
          Hello world
        </tspan>
      </text>
    </g>
    <g
      opacity="1"
      transform="matrix(1, 0, 0, 1, 100, 100)"
    >
      <path
        d="M0, 0L50, 0,50, 50,0, 50Z"
        fill="none"
        stroke="#1d1d1d"
        stroke-width="3.5"
      />
    </g>
    <g
      opacity="1"
      transform="matrix(1, 0, 0, 1, 400, 400)"
    >
      <path
        d="M0, 0L100, 0,100, 100,0, 100Z"
        fill="#494949"
      />
      <path
        d="M0, 0L100, 0,100, 100,0, 100Z"
        fill="url(#_export_2_r4__hash_pattern_light_0)"
      />
      <path
        d="M0, 0L100, 0,100, 100,0, 100Z"
        fill="none"
        stroke="#1d1d1d"
        stroke-width="3.5"
      />
    </g>
  </svg>
</wrapper>
`;
