// Jest Snapshot v1, https://goo.gl/fbAQLP

exports[`converts correctly: Zoom to Fit Camera 1`] = `
{
  "id": "static",
  "meta": {},
  "typeName": "camera",
  "x": 218.91315389393446,
  "y": -52.086697131465264,
  "z": 1.3357459446201025,
}
`;
