// Jest Snapshot v1, https://goo.gl/fbAQLP

exports[`the_routes 1`] = `
[
  {
    "reactRouterPattern": "/",
    "vercelRouterPattern": "^//?$",
  },
  {
    "reactRouterPattern": "/f/:fileSlug",
    "vercelRouterPattern": "^/f/[^/]*/?$",
  },
  {
    "reactRouterPattern": "/lf/:fileSlug",
    "vercelRouterPattern": "^/lf/[^/]*/?$",
  },
  {
    "reactRouterPattern": "/new",
    "vercelRouterPattern": "^/new/?$",
  },
  {
    "reactRouterPattern": "/p/:fileSlug",
    "vercelRouterPattern": "^/p/[^/]*/?$",
  },
  {
    "reactRouterPattern": "/preview",
    "vercelRouterPattern": "^/preview/?$",
  },
  {
    "reactRouterPattern": "/q",
    "vercelRouterPattern": "^/q/?$",
  },
  {
    "reactRouterPattern": "/r",
    "vercelRouterPattern": "^/r/?$",
  },
  {
    "reactRouterPattern": "/r/:boardId/history",
    "vercelRouterPattern": "^/r/[^/]*/history/?$",
  },
  {
    "reactRouterPattern": "/r/:boardId/history/:timestamp",
    "vercelRouterPattern": "^/r/[^/]*/history/[^/]*/?$",
  },
  {
    "reactRouterPattern": "/r/:roomId",
    "vercelRouterPattern": "^/r/[^/]*/?$",
  },
  {
    "reactRouterPattern": "/ro/:roomId",
    "vercelRouterPattern": "^/ro/[^/]*/?$",
  },
  {
    "reactRouterPattern": "/s/:roomId",
    "vercelRouterPattern": "^/s/[^/]*/?$",
  },
  {
    "reactRouterPattern": "/ts-side",
    "vercelRouterPattern": "^/ts-side/?$",
  },
  {
    "reactRouterPattern": "/v/:roomId",
    "vercelRouterPattern": "^/v/[^/]*/?$",
  },
]
`;
