// Vitest Snapshot v1, https://vitest.dev/guide/snapshot.html

exports[`Draws a bunch > draw shape 1`] = `
{
  "index": "a1",
  "isLocked": false,
  "meta": {},
  "opacity": 1,
  "parentId": "page:page",
  "props": {
    "color": "black",
    "dash": "draw",
    "fill": "none",
    "isClosed": false,
    "isComplete": true,
    "isPen": false,
    "scale": 1,
    "segments": [
      {
        "points": [
          {
            "x": 0,
            "y": 0,
            "z": 0.5,
          },
          {
            "x": 1,
            "y": 0,
            "z": 0.5,
          },
          {
            "x": 4,
            "y": 0,
            "z": 0.5,
          },
          {
            "x": 10,
            "y": -1,
            "z": 0.5,
          },
          {
            "x": 19,
            "y": -4,
            "z": 0.5,
          },
          {
            "x": 30,
            "y": -10,
            "z": 0.5,
          },
          {
            "x": 46,
            "y": -20,
            "z": 0.5,
          },
          {
            "x": 61,
            "y": -30,
            "z": 0.5,
          },
          {
            "x": 74,
            "y": -43,
            "z": 0.5,
          },
          {
            "x": 89,
            "y": -59,
            "z": 0.5,
          },
          {
            "x": 102,
            "y": -77,
            "z": 0.5,
          },
          {
            "x": 108,
            "y": -90,
            "z": 0.5,
          },
          {
            "x": 112,
            "y": -103,
            "z": 0.5,
          },
          {
            "x": 117,
            "y": -119,
            "z": 0.5,
          },
          {
            "x": 118,
            "y": -131,
            "z": 0.5,
          },
          {
            "x": 119,
            "y": -137,
            "z": 0.5,
          },
          {
            "x": 119,
            "y": -145,
            "z": 0.5,
          },
          {
            "x": 120,
            "y": -152,
            "z": 0.5,
          },
          {
            "x": 119,
            "y": -158,
            "z": 0.5,
          },
          {
            "x": 117,
            "y": -163,
            "z": 0.5,
          },
          {
            "x": 114,
            "y": -167,
            "z": 0.5,
          },
          {
            "x": 109,
            "y": -169,
            "z": 0.5,
          },
          {
            "x": 103,
            "y": -170,
            "z": 0.5,
          },
          {
            "x": 97,
            "y": -170,
            "z": 0.5,
          },
          {
            "x": 89,
            "y": -170,
            "z": 0.5,
          },
          {
            "x": 80,
            "y": -166,
            "z": 0.5,
          },
          {
            "x": 71,
            "y": -159,
            "z": 0.5,
          },
          {
            "x": 62,
            "y": -150,
            "z": 0.5,
          },
          {
            "x": 54,
            "y": -138,
            "z": 0.5,
          },
          {
            "x": 50,
            "y": -126,
            "z": 0.5,
          },
          {
            "x": 47,
            "y": -113,
            "z": 0.5,
          },
          {
            "x": 46,
            "y": -99,
            "z": 0.5,
          },
          {
            "x": 46,
            "y": -82,
            "z": 0.5,
          },
          {
            "x": 47,
            "y": -61,
            "z": 0.5,
          },
          {
            "x": 53,
            "y": -41,
            "z": 0.5,
          },
          {
            "x": 60,
            "y": -24,
            "z": 0.5,
          },
          {
            "x": 68,
            "y": -7,
            "z": 0.5,
          },
          {
            "x": 79,
            "y": 12,
            "z": 0.5,
          },
          {
            "x": 88,
            "y": 32,
            "z": 0.5,
          },
          {
            "x": 96,
            "y": 50,
            "z": 0.5,
          },
          {
            "x": 103,
            "y": 69,
            "z": 0.5,
          },
          {
            "x": 106,
            "y": 86,
            "z": 0.5,
          },
          {
            "x": 107,
            "y": 102,
            "z": 0.5,
          },
          {
            "x": 107,
            "y": 120,
            "z": 0.5,
          },
          {
            "x": 102,
            "y": 136,
            "z": 0.5,
          },
          {
            "x": 90,
            "y": 146,
            "z": 0.5,
          },
          {
            "x": 74,
            "y": 154,
            "z": 0.5,
          },
          {
            "x": 43,
            "y": 163,
            "z": 0.5,
          },
          {
            "x": 32,
            "y": 164,
            "z": 0.5,
          },
          {
            "x": 21,
            "y": 164,
            "z": 0.5,
          },
          {
            "x": 11,
            "y": 164,
            "z": 0.5,
          },
          {
            "x": 2,
            "y": 164,
            "z": 0.5,
          },
          {
            "x": -7,
            "y": 162,
            "z": 0.5,
          },
          {
            "x": -13,
            "y": 159,
            "z": 0.5,
          },
          {
            "x": -15,
            "y": 153,
            "z": 0.5,
          },
          {
            "x": -15,
            "y": 147,
            "z": 0.5,
          },
          {
            "x": -11,
            "y": 138,
            "z": 0.5,
          },
          {
            "x": 1,
            "y": 127,
            "z": 0.5,
          },
          {
            "x": 15,
            "y": 112,
            "z": 0.5,
          },
          {
            "x": 34,
            "y": 96,
            "z": 0.5,
          },
          {
            "x": 56,
            "y": 79,
            "z": 0.5,
          },
          {
            "x": 81,
            "y": 58,
            "z": 0.5,
          },
          {
            "x": 107,
            "y": 33,
            "z": 0.5,
          },
          {
            "x": 126,
            "y": 12,
            "z": 0.5,
          },
          {
            "x": 145,
            "y": -10,
            "z": 0.5,
          },
          {
            "x": 160,
            "y": -30,
            "z": 0.5,
          },
          {
            "x": 172,
            "y": -50,
            "z": 0.5,
          },
          {
            "x": 185,
            "y": -73,
            "z": 0.5,
          },
          {
            "x": 194,
            "y": -93,
            "z": 0.5,
          },
          {
            "x": 199,
            "y": -112,
            "z": 0.5,
          },
          {
            "x": 202,
            "y": -127,
            "z": 0.5,
          },
          {
            "x": 203,
            "y": -138,
            "z": 0.5,
          },
          {
            "x": 203,
            "y": -146,
            "z": 0.5,
          },
          {
            "x": 201,
            "y": -152,
            "z": 0.5,
          },
          {
            "x": 196,
            "y": -155,
            "z": 0.5,
          },
          {
            "x": 191,
            "y": -156,
            "z": 0.5,
          },
          {
            "x": 186,
            "y": -157,
            "z": 0.5,
          },
          {
            "x": 178,
            "y": -156,
            "z": 0.5,
          },
          {
            "x": 170,
            "y": -150,
            "z": 0.5,
          },
          {
            "x": 164,
            "y": -140,
            "z": 0.5,
          },
          {
            "x": 158,
            "y": -128,
            "z": 0.5,
          },
          {
            "x": 151,
            "y": -110,
            "z": 0.5,
          },
          {
            "x": 144,
            "y": -89,
            "z": 0.5,
          },
          {
            "x": 139,
            "y": -64,
            "z": 0.5,
          },
          {
            "x": 135,
            "y": -36,
            "z": 0.5,
          },
          {
            "x": 132,
            "y": -7,
            "z": 0.5,
          },
          {
            "x": 132,
            "y": 22,
            "z": 0.5,
          },
          {
            "x": 132,
            "y": 49,
            "z": 0.5,
          },
          {
            "x": 133,
            "y": 74,
            "z": 0.5,
          },
          {
            "x": 140,
            "y": 97,
            "z": 0.5,
          },
          {
            "x": 148,
            "y": 113,
            "z": 0.5,
          },
          {
            "x": 156,
            "y": 124,
            "z": 0.5,
          },
          {
            "x": 166,
            "y": 137,
            "z": 0.5,
          },
          {
            "x": 175,
            "y": 145,
            "z": 0.5,
          },
          {
            "x": 183,
            "y": 150,
            "z": 0.5,
          },
          {
            "x": 191,
            "y": 152,
            "z": 0.5,
          },
          {
            "x": 197,
            "y": 152,
            "z": 0.5,
          },
          {
            "x": 205,
            "y": 151,
            "z": 0.5,
          },
          {
            "x": 214,
            "y": 146,
            "z": 0.5,
          },
          {
            "x": 223,
            "y": 136,
            "z": 0.5,
          },
          {
            "x": 230,
            "y": 125,
            "z": 0.5,
          },
          {
            "x": 236,
            "y": 112,
            "z": 0.5,
          },
          {
            "x": 242,
            "y": 95,
            "z": 0.5,
          },
          {
            "x": 247,
            "y": 78,
            "z": 0.5,
          },
          {
            "x": 250,
            "y": 61,
            "z": 0.5,
          },
          {
            "x": 252,
            "y": 46,
            "z": 0.5,
          },
          {
            "x": 253,
            "y": 37,
            "z": 0.5,
          },
          {
            "x": 253,
            "y": 31,
            "z": 0.5,
          },
          {
            "x": 253,
            "y": 24,
            "z": 0.5,
          },
          {
            "x": 251,
            "y": 20,
            "z": 0.5,
          },
          {
            "x": 248,
            "y": 16,
            "z": 0.5,
          },
          {
            "x": 246,
            "y": 16,
            "z": 0.5,
          },
          {
            "x": 243,
            "y": 16,
            "z": 0.5,
          },
          {
            "x": 240,
            "y": 17,
            "z": 0.5,
          },
          {
            "x": 238,
            "y": 19,
            "z": 0.5,
          },
          {
            "x": 236,
            "y": 26,
            "z": 0.5,
          },
          {
            "x": 234,
            "y": 34,
            "z": 0.5,
          },
          {
            "x": 233,
            "y": 45,
            "z": 0.5,
          },
          {
            "x": 232,
            "y": 56,
            "z": 0.5,
          },
          {
            "x": 232,
            "y": 66,
            "z": 0.5,
          },
          {
            "x": 235,
            "y": 79,
            "z": 0.5,
          },
          {
            "x": 241,
            "y": 91,
            "z": 0.5,
          },
          {
            "x": 247,
            "y": 100,
            "z": 0.5,
          },
          {
            "x": 255,
            "y": 109,
            "z": 0.5,
          },
          {
            "x": 260,
            "y": 113,
            "z": 0.5,
          },
          {
            "x": 266,
            "y": 116,
            "z": 0.5,
          },
          {
            "x": 274,
            "y": 118,
            "z": 0.5,
          },
          {
            "x": 280,
            "y": 118,
            "z": 0.5,
          },
          {
            "x": 286,
            "y": 115,
            "z": 0.5,
          },
          {
            "x": 291,
            "y": 105,
            "z": 0.5,
          },
          {
            "x": 296,
            "y": 93,
            "z": 0.5,
          },
          {
            "x": 298,
            "y": 83,
            "z": 0.5,
          },
          {
            "x": 301,
            "y": 70,
            "z": 0.5,
          },
          {
            "x": 303,
            "y": 58,
            "z": 0.5,
          },
          {
            "x": 305,
            "y": 48,
            "z": 0.5,
          },
          {
            "x": 306,
            "y": 38,
            "z": 0.5,
          },
          {
            "x": 307,
            "y": 31,
            "z": 0.5,
          },
          {
            "x": 308,
            "y": 25,
            "z": 0.5,
          },
          {
            "x": 308,
            "y": 22,
            "z": 0.5,
          },
          {
            "x": 308,
            "y": 20,
            "z": 0.5,
          },
          {
            "x": 308,
            "y": 19,
            "z": 0.5,
          },
          {
            "x": 308,
            "y": 22,
            "z": 0.5,
          },
          {
            "x": 308,
            "y": 27,
            "z": 0.5,
          },
          {
            "x": 308,
            "y": 35,
            "z": 0.5,
          },
          {
            "x": 308,
            "y": 44,
            "z": 0.5,
          },
          {
            "x": 308,
            "y": 51,
            "z": 0.5,
          },
          {
            "x": 308,
            "y": 56,
            "z": 0.5,
          },
          {
            "x": 308,
            "y": 61,
            "z": 0.5,
          },
          {
            "x": 309,
            "y": 66,
            "z": 0.5,
          },
          {
            "x": 312,
            "y": 71,
            "z": 0.5,
          },
          {
            "x": 314,
            "y": 74,
            "z": 0.5,
          },
          {
            "x": 317,
            "y": 75,
            "z": 0.5,
          },
          {
            "x": 320,
            "y": 76,
            "z": 0.5,
          },
          {
            "x": 324,
            "y": 76,
            "z": 0.5,
          },
          {
            "x": 329,
            "y": 73,
            "z": 0.5,
          },
          {
            "x": 333,
            "y": 69,
            "z": 0.5,
          },
          {
            "x": 336,
            "y": 66,
            "z": 0.5,
          },
          {
            "x": 339,
            "y": 62,
            "z": 0.5,
          },
          {
            "x": 342,
            "y": 59,
            "z": 0.5,
          },
          {
            "x": 344,
            "y": 57,
            "z": 0.5,
          },
          {
            "x": 346,
            "y": 55,
            "z": 0.5,
          },
          {
            "x": 348,
            "y": 55,
            "z": 0.5,
          },
          {
            "x": 348,
            "y": 55,
            "z": 0.5,
          },
          {
            "x": 349,
            "y": 55,
            "z": 0.5,
          },
          {
            "x": 349,
            "y": 56,
            "z": 0.5,
          },
          {
            "x": 350,
            "y": 57,
            "z": 0.5,
          },
          {
            "x": 351,
            "y": 59,
            "z": 0.5,
          },
          {
            "x": 351,
            "y": 61,
            "z": 0.5,
          },
          {
            "x": 352,
            "y": 62,
            "z": 0.5,
          },
          {
            "x": 352,
            "y": 63,
            "z": 0.5,
          },
          {
            "x": 353,
            "y": 64,
            "z": 0.5,
          },
          {
            "x": 354,
            "y": 64,
            "z": 0.5,
          },
          {
            "x": 355,
            "y": 64,
            "z": 0.5,
          },
          {
            "x": 356,
            "y": 58,
            "z": 0.5,
          },
          {
            "x": 358,
            "y": 49,
            "z": 0.5,
          },
          {
            "x": 360,
            "y": 40,
            "z": 0.5,
          },
          {
            "x": 363,
            "y": 32,
            "z": 0.5,
          },
          {
            "x": 365,
            "y": 26,
            "z": 0.5,
          },
          {
            "x": 367,
            "y": 19,
            "z": 0.5,
          },
          {
            "x": 369,
            "y": 13,
            "z": 0.5,
          },
          {
            "x": 373,
            "y": 7,
            "z": 0.5,
          },
          {
            "x": 376,
            "y": 3,
            "z": 0.5,
          },
          {
            "x": 380,
            "y": 2,
            "z": 0.5,
          },
          {
            "x": 385,
            "y": 2,
            "z": 0.5,
          },
          {
            "x": 390,
            "y": 2,
            "z": 0.5,
          },
          {
            "x": 397,
            "y": 3,
            "z": 0.5,
          },
          {
            "x": 410,
            "y": 11,
            "z": 0.5,
          },
          {
            "x": 424,
            "y": 23,
            "z": 0.5,
          },
          {
            "x": 434,
            "y": 34,
            "z": 0.5,
          },
          {
            "x": 446,
            "y": 49,
            "z": 0.5,
          },
          {
            "x": 456,
            "y": 64,
            "z": 0.5,
          },
          {
            "x": 464,
            "y": 81,
            "z": 0.5,
          },
          {
            "x": 468,
            "y": 95,
            "z": 0.5,
          },
          {
            "x": 470,
            "y": 116,
            "z": 0.5,
          },
          {
            "x": 472,
            "y": 142,
            "z": 0.5,
          },
          {
            "x": 472,
            "y": 162,
            "z": 0.5,
          },
          {
            "x": 468,
            "y": 178,
            "z": 0.5,
          },
          {
            "x": 458,
            "y": 195,
            "z": 0.5,
          },
          {
            "x": 442,
            "y": 213,
            "z": 0.5,
          },
          {
            "x": 423,
            "y": 230,
            "z": 0.5,
          },
          {
            "x": 407,
            "y": 240,
            "z": 0.5,
          },
          {
            "x": 393,
            "y": 245,
            "z": 0.5,
          },
          {
            "x": 377,
            "y": 250,
            "z": 0.5,
          },
          {
            "x": 364,
            "y": 252,
            "z": 0.5,
          },
          {
            "x": 354,
            "y": 252,
            "z": 0.5,
          },
          {
            "x": 346,
            "y": 248,
            "z": 0.5,
          },
          {
            "x": 340,
            "y": 239,
            "z": 0.5,
          },
          {
            "x": 339,
            "y": 225,
            "z": 0.5,
          },
          {
            "x": 339,
            "y": 198,
            "z": 0.5,
          },
          {
            "x": 349,
            "y": 165,
            "z": 0.5,
          },
          {
            "x": 372,
            "y": 130,
            "z": 0.5,
          },
          {
            "x": 403,
            "y": 89,
            "z": 0.5,
          },
          {
            "x": 432,
            "y": 54,
            "z": 0.5,
          },
          {
            "x": 467,
            "y": 16,
            "z": 0.5,
          },
          {
            "x": 504,
            "y": -21,
            "z": 0.5,
          },
          {
            "x": 551,
            "y": -68,
            "z": 0.5,
          },
          {
            "x": 597,
            "y": -115,
            "z": 0.5,
          },
          {
            "x": 619,
            "y": -138,
            "z": 0.5,
          },
          {
            "x": 641,
            "y": -162,
            "z": 0.5,
          },
          {
            "x": 663,
            "y": -188,
            "z": 0.5,
          },
          {
            "x": 675,
            "y": -203,
            "z": 0.5,
          },
          {
            "x": 684,
            "y": -219,
            "z": 0.5,
          },
          {
            "x": 692,
            "y": -237,
            "z": 0.5,
          },
          {
            "x": 693,
            "y": -244,
            "z": 0.5,
          },
          {
            "x": 691,
            "y": -250,
            "z": 0.5,
          },
          {
            "x": 682,
            "y": -254,
            "z": 0.5,
          },
          {
            "x": 664,
            "y": -256,
            "z": 0.5,
          },
          {
            "x": 642,
            "y": -256,
            "z": 0.5,
          },
          {
            "x": 621,
            "y": -253,
            "z": 0.5,
          },
          {
            "x": 589,
            "y": -240,
            "z": 0.5,
          },
          {
            "x": 554,
            "y": -221,
            "z": 0.5,
          },
          {
            "x": 526,
            "y": -201,
            "z": 0.5,
          },
          {
            "x": 502,
            "y": -182,
            "z": 0.5,
          },
          {
            "x": 484,
            "y": -165,
            "z": 0.5,
          },
          {
            "x": 467,
            "y": -146,
            "z": 0.5,
          },
          {
            "x": 456,
            "y": -131,
            "z": 0.5,
          },
          {
            "x": 450,
            "y": -120,
            "z": 0.5,
          },
          {
            "x": 448,
            "y": -112,
            "z": 0.5,
          },
          {
            "x": 448,
            "y": -107,
            "z": 0.5,
          },
          {
            "x": 449,
            "y": -104,
            "z": 0.5,
          },
          {
            "x": 452,
            "y": -103,
            "z": 0.5,
          },
          {
            "x": 458,
            "y": -102,
            "z": 0.5,
          },
          {
            "x": 462,
            "y": -102,
            "z": 0.5,
          },
          {
            "x": 465,
            "y": -103,
            "z": 0.5,
          },
          {
            "x": 470,
            "y": -104,
            "z": 0.5,
          },
          {
            "x": 472,
            "y": -105,
            "z": 0.5,
          },
          {
            "x": 474,
            "y": -106,
            "z": 0.5,
          },
          {
            "x": 475,
            "y": -106,
            "z": 0.5,
          },
          {
            "x": 476,
            "y": -107,
            "z": 0.5,
          },
          {
            "x": 476,
            "y": -107,
            "z": 0.5,
          },
          {
            "x": 477,
            "y": -107,
            "z": 0.5,
          },
        ],
        "type": "free",
      },
    ],
    "size": "m",
  },
  "rotation": 0,
  "type": "draw",
  "typeName": "shape",
  "x": 511,
  "y": 234,
}
`;
