// Vitest Snapshot v1, https://vitest.dev/guide/snapshot.html

exports[`When resizing a shape with children > Resizes a rotated draw shape > draw shape after rotating 1`] = `
{
  "id": "shape:lineA",
  "index": "a3",
  "isLocked": false,
  "meta": {},
  "opacity": 1,
  "parentId": "shape:boxA",
  "props": {
    "color": "black",
    "dash": "draw",
    "fill": "none",
    "isClosed": false,
    "isComplete": false,
    "isPen": false,
    "scale": 1,
    "segments": [
      {
        "points": [
          {
            "x": 0,
            "y": 0,
            "z": 0.5,
          },
          {
            "x": 110,
            "y": 110,
            "z": 0.5,
          },
        ],
        "type": "free",
      },
    ],
    "size": "m",
  },
  "rotation": 3.141592653589793,
  "type": "draw",
  "typeName": "shape",
  "x": 100,
  "y": 100,
}
`;
